Archive member included because of file (symbol)

/usr/lib/x86_64-linux-gnu/libc_nonshared.a(elf-init.oS)
                              /usr/lib/gcc/x86_64-linux-gnu/4.7/../../../x86_64-linux-gnu/crt1.o (__libc_csu_init)

Allocating common symbols
Common symbol       size              file

pic14_conf          0x54              pic14.o
pic12_conf          0xe               pic12.o
pic16_conf          0x1a              pic16.o
pic24_conf          0xf4              pic24.o

Discarded input sections

 .note.GNU-stack
                0x0000000000000000        0x0 /usr/lib/gcc/x86_64-linux-gnu/4.7/../../../x86_64-linux-gnu/crt1.o
 .gnu_debuglink
                0x0000000000000000        0xc /usr/lib/gcc/x86_64-linux-gnu/4.7/../../../x86_64-linux-gnu/crt1.o
 .note.GNU-stack
                0x0000000000000000        0x0 /usr/lib/gcc/x86_64-linux-gnu/4.7/../../../x86_64-linux-gnu/crti.o
 .gnu_debuglink
                0x0000000000000000        0xc /usr/lib/gcc/x86_64-linux-gnu/4.7/../../../x86_64-linux-gnu/crti.o
 .note.GNU-stack
                0x0000000000000000        0x0 /usr/lib/gcc/x86_64-linux-gnu/4.7/crtbegin.o
 .note.GNU-stack
                0x0000000000000000        0x0 k8048.o
 .note.GNU-stack
                0x0000000000000000        0x0 dotconf.o
 .note.GNU-stack
                0x0000000000000000        0x0 inhx32.o
 .note.GNU-stack
                0x0000000000000000        0x0 io.o
 .note.GNU-stack
                0x0000000000000000        0x0 pic.o
 .note.GNU-stack
                0x0000000000000000        0x0 util.o
 .note.GNU-stack
                0x0000000000000000        0x0 pic12.o
 .note.GNU-stack
                0x0000000000000000        0x0 pic14.o
 .note.GNU-stack
                0x0000000000000000        0x0 pic16.o
 .note.GNU-stack
                0x0000000000000000        0x0 pic24.o
 .note.GNU-stack
                0x0000000000000000        0x0 serial_posix.o
 .note.GNU-stack
                0x0000000000000000        0x0 /usr/lib/x86_64-linux-gnu/libc_nonshared.a(elf-init.oS)
 .note.GNU-stack
                0x0000000000000000        0x0 /usr/lib/gcc/x86_64-linux-gnu/4.7/crtend.o
 .note.GNU-stack
                0x0000000000000000        0x0 /usr/lib/gcc/x86_64-linux-gnu/4.7/../../../x86_64-linux-gnu/crtn.o
 .gnu_debuglink
                0x0000000000000000        0xc /usr/lib/gcc/x86_64-linux-gnu/4.7/../../../x86_64-linux-gnu/crtn.o

↵
Speichereinrichtung
↵

Name             Ursprung           Länge             Eigenschaften
*default*        0x0000000000000000 0xffffffffffffffff

Linker script and memory map

LOAD /usr/lib/gcc/x86_64-linux-gnu/4.7/../../../x86_64-linux-gnu/crt1.o
LOAD /usr/lib/gcc/x86_64-linux-gnu/4.7/../../../x86_64-linux-gnu/crti.o
LOAD /usr/lib/gcc/x86_64-linux-gnu/4.7/crtbegin.o
LOAD k8048.o
LOAD dotconf.o
LOAD inhx32.o
LOAD io.o
LOAD pic.o
LOAD util.o
LOAD pic12.o
LOAD pic14.o
LOAD pic16.o
LOAD pic24.o
LOAD serial_posix.o
LOAD /usr/lib/gcc/x86_64-linux-gnu/4.7/libgcc.a
LOAD /usr/lib/gcc/x86_64-linux-gnu/4.7/libgcc_s.so
LOAD /usr/lib/gcc/x86_64-linux-gnu/4.7/../../../x86_64-linux-gnu/libc.so
START GROUP
LOAD /lib/x86_64-linux-gnu/libc.so.6
LOAD /usr/lib/x86_64-linux-gnu/libc_nonshared.a
LOAD /lib/x86_64-linux-gnu/ld-linux-x86-64.so.2
END GROUP
LOAD /usr/lib/gcc/x86_64-linux-gnu/4.7/libgcc.a
LOAD /usr/lib/gcc/x86_64-linux-gnu/4.7/libgcc_s.so
LOAD /usr/lib/gcc/x86_64-linux-gnu/4.7/crtend.o
LOAD /usr/lib/gcc/x86_64-linux-gnu/4.7/../../../x86_64-linux-gnu/crtn.o
                0x0000000000400000                PROVIDE (__executable_start, 0x400000)
                0x0000000000400238                . = (0x400000 + SIZEOF_HEADERS)

.interp         0x0000000000400238       0x1c
 *(.interp)
 .interp        0x0000000000400238       0x1c /usr/lib/gcc/x86_64-linux-gnu/4.7/../../../x86_64-linux-gnu/crt1.o

.note.ABI-tag   0x0000000000400254       0x20
 .note.ABI-tag  0x0000000000400254       0x20 /usr/lib/gcc/x86_64-linux-gnu/4.7/../../../x86_64-linux-gnu/crt1.o

.note.gnu.build-id
                0x0000000000400274       0x24
 *(.note.gnu.build-id)
 .note.gnu.build-id
                0x0000000000400274       0x24 /usr/lib/gcc/x86_64-linux-gnu/4.7/../../../x86_64-linux-gnu/crt1.o

.hash
 *(.hash)

.gnu.hash       0x0000000000400298       0x30
 *(.gnu.hash)
 .gnu.hash      0x0000000000400298       0x30 /usr/lib/gcc/x86_64-linux-gnu/4.7/../../../x86_64-linux-gnu/crt1.o

.dynsym         0x00000000004002c8      0x540
 *(.dynsym)
 .dynsym        0x00000000004002c8      0x540 /usr/lib/gcc/x86_64-linux-gnu/4.7/../../../x86_64-linux-gnu/crt1.o

.dynstr         0x0000000000400808      0x1ee
 *(.dynstr)
 .dynstr        0x0000000000400808      0x1ee /usr/lib/gcc/x86_64-linux-gnu/4.7/../../../x86_64-linux-gnu/crt1.o

.gnu.version    0x00000000004009f6       0x70
 *(.gnu.version)
 .gnu.version   0x00000000004009f6       0x70 /usr/lib/gcc/x86_64-linux-gnu/4.7/../../../x86_64-linux-gnu/crt1.o

.gnu.version_d  0x0000000000400a68        0x0
 *(.gnu.version_d)
 .gnu.version_d
                0x0000000000000000        0x0 /usr/lib/gcc/x86_64-linux-gnu/4.7/../../../x86_64-linux-gnu/crt1.o

.gnu.version_r  0x0000000000400a68       0x40
 *(.gnu.version_r)
 .gnu.version_r
                0x0000000000400a68       0x40 /usr/lib/gcc/x86_64-linux-gnu/4.7/../../../x86_64-linux-gnu/crt1.o

.rela.dyn       0x0000000000400aa8       0x60
 *(.rela.init)
 *(.rela.text .rela.text.* .rela.gnu.linkonce.t.*)
 .rela.text     0x0000000000000000        0x0 /usr/lib/gcc/x86_64-linux-gnu/4.7/../../../x86_64-linux-gnu/crt1.o
 .rela.text.startup
                0x0000000000000000        0x0 /usr/lib/gcc/x86_64-linux-gnu/4.7/../../../x86_64-linux-gnu/crt1.o
 *(.rela.fini)
 *(.rela.rodata .rela.rodata.* .rela.gnu.linkonce.r.*)
 *(.rela.data .rela.data.* .rela.gnu.linkonce.d.*)
 *(.rela.tdata .rela.tdata.* .rela.gnu.linkonce.td.*)
 *(.rela.tbss .rela.tbss.* .rela.gnu.linkonce.tb.*)
 *(.rela.ctors)
 *(.rela.dtors)
 *(.rela.got)
 .rela.got      0x0000000000400aa8       0x18 /usr/lib/gcc/x86_64-linux-gnu/4.7/../../../x86_64-linux-gnu/crt1.o
 *(.rela.bss .rela.bss.* .rela.gnu.linkonce.b.*)
 .rela.bss      0x0000000000400ac0       0x48 /usr/lib/gcc/x86_64-linux-gnu/4.7/../../../x86_64-linux-gnu/crt1.o
 *(.rela.ldata .rela.ldata.* .rela.gnu.linkonce.l.*)
 *(.rela.lbss .rela.lbss.* .rela.gnu.linkonce.lb.*)
 *(.rela.lrodata .rela.lrodata.* .rela.gnu.linkonce.lr.*)
 *(.rela.ifunc)

.rela.plt       0x0000000000400b08      0x4c8
 *(.rela.plt)
 .rela.plt      0x0000000000400b08      0x4c8 /usr/lib/gcc/x86_64-linux-gnu/4.7/../../../x86_64-linux-gnu/crt1.o
                0x0000000000400fd0                PROVIDE (__rela_iplt_start, .)
 *(.rela.iplt)
 .rela.iplt     0x0000000000000000        0x0 /usr/lib/gcc/x86_64-linux-gnu/4.7/../../../x86_64-linux-gnu/crt1.o
                0x0000000000400fd0                PROVIDE (__rela_iplt_end, .)

.init           0x0000000000400fd0        0xe
 *(SORT(.init))
 .init          0x0000000000400fd0        0x9 /usr/lib/gcc/x86_64-linux-gnu/4.7/../../../x86_64-linux-gnu/crti.o
                0x0000000000400fd0                _init
 .init          0x0000000000400fd9        0x5 /usr/lib/gcc/x86_64-linux-gnu/4.7/../../../x86_64-linux-gnu/crtn.o

.plt            0x0000000000400fe0      0x340
 *(.plt)
 .plt           0x0000000000400fe0      0x340 /usr/lib/gcc/x86_64-linux-gnu/4.7/../../../x86_64-linux-gnu/crt1.o
                0x0000000000400ff0                getenv@@GLIBC_2.2.5
                0x0000000000401000                __snprintf_chk@@GLIBC_2.3.4
                0x0000000000401010                free@@GLIBC_2.2.5
                0x0000000000401020                putchar@@GLIBC_2.2.5
                0x0000000000401030                strcasecmp@@GLIBC_2.2.5
                0x0000000000401040                __errno_location@@GLIBC_2.2.5
                0x0000000000401050                strncpy@@GLIBC_2.2.5
                0x0000000000401060                strcpy@@GLIBC_2.2.5
                0x0000000000401070                puts@@GLIBC_2.2.5
                0x0000000000401080                qsort@@GLIBC_2.2.5
                0x0000000000401090                tfind@@GLIBC_2.2.5
                0x00000000004010a0                fcntl@@GLIBC_2.2.5
                0x00000000004010b0                fclose@@GLIBC_2.2.5
                0x00000000004010c0                __stack_chk_fail@@GLIBC_2.4
                0x00000000004010d0                getuid@@GLIBC_2.2.5
                0x00000000004010e0                snprintf@@GLIBC_2.2.5
                0x00000000004010f0                gettimeofday@@GLIBC_2.2.5
                0x0000000000401100                setpriority@@GLIBC_2.2.5
                0x0000000000401110                geteuid@@GLIBC_2.2.5
                0x0000000000401120                ioctl@@GLIBC_2.2.5
                0x0000000000401130                getcwd@@GLIBC_2.2.5
                0x0000000000401140                fgetc@@GLIBC_2.2.5
                0x0000000000401150                close@@GLIBC_2.2.5
                0x0000000000401160                tdelete@@GLIBC_2.2.5
                0x0000000000401170                __libc_start_main@@GLIBC_2.2.5
                0x0000000000401180                fgets@@GLIBC_2.2.5
                0x0000000000401190                calloc@@GLIBC_2.2.5
                0x00000000004011a0                strcmp@@GLIBC_2.2.5
                0x00000000004011b0                signal@@GLIBC_2.2.5
                0x00000000004011c0                strtol@@GLIBC_2.2.5
                0x00000000004011d0                __xpg_basename@@GLIBC_2.2.5
                0x00000000004011e0                tolower@@GLIBC_2.2.5
                0x00000000004011f0                malloc@@GLIBC_2.2.5
                0x0000000000401200                fflush@@GLIBC_2.2.5
                0x0000000000401210                tsearch@@GLIBC_2.2.5
                0x0000000000401220                __printf_chk@@GLIBC_2.3.4
                0x0000000000401230                twalk@@GLIBC_2.2.5
                0x0000000000401240                tcgetattr@@GLIBC_2.2.5
                0x0000000000401250                tcsetattr@@GLIBC_2.2.5
                0x0000000000401260                open@@GLIBC_2.2.5
                0x0000000000401270                access@@GLIBC_2.2.5
                0x0000000000401280                fopen@@GLIBC_2.2.5
                0x0000000000401290                strtoul@@GLIBC_2.2.5
                0x00000000004012a0                exit@@GLIBC_2.2.5
                0x00000000004012b0                __fprintf_chk@@GLIBC_2.3.4
                0x00000000004012c0                setuid@@GLIBC_2.2.5
                0x00000000004012d0                strdup@@GLIBC_2.2.5
                0x00000000004012e0                strerror@@GLIBC_2.2.5
                0x00000000004012f0                sleep@@GLIBC_2.2.5
                0x0000000000401300                strstr@@GLIBC_2.2.5
                0x0000000000401310                usleep@@GLIBC_2.2.5
 *(.iplt)
 .iplt          0x0000000000000000        0x0 /usr/lib/gcc/x86_64-linux-gnu/4.7/../../../x86_64-linux-gnu/crt1.o

.text           0x0000000000401320     0xca34
 *(.text.unlikely .text.*_unlikely)
 *(.text.exit .text.exit.*)
 *(.text.startup .text.startup.*)
 .text.startup  0x0000000000401320      0xae7 k8048.o
                0x0000000000401320                main
 *(.text.hot .text.hot.*)
 *(.text .stub .text.* .gnu.linkonce.t.*)
 *fill*         0x0000000000401e07        0x1 
 .text          0x0000000000401e08       0x2c /usr/lib/gcc/x86_64-linux-gnu/4.7/../../../x86_64-linux-gnu/crt1.o
                0x0000000000401e08                _start
 .text          0x0000000000401e34       0x17 /usr/lib/gcc/x86_64-linux-gnu/4.7/../../../x86_64-linux-gnu/crti.o
 *fill*         0x0000000000401e4b        0x5 
 .text          0x0000000000401e50       0xba /usr/lib/gcc/x86_64-linux-gnu/4.7/crtbegin.o
 *fill*         0x0000000000401f0a        0x2 
 .text          0x0000000000401f0c      0xa15 k8048.o
                0x0000000000401f0c                usage_k8048
                0x0000000000401f6d                usage_kctrl
                0x0000000000401ff6                usage_ktest
                0x0000000000402080                usage_k12
                0x000000000040228e                usage_k14
                0x00000000004024b7                usage_k16
                0x00000000004026a9                usage_k24
                0x000000000040289b                usage
 *fill*         0x0000000000402921        0x3 
 .text          0x0000000000402924      0x3de dotconf.o
                0x0000000000402924                getdotfile
                0x0000000000402ab5                getconf
 *fill*         0x0000000000402d02        0x2 
 .text          0x0000000000402d04      0x6b9 inhx32.o
                0x0000000000402d04                inhx32_compare
                0x0000000000402d16                inhx32_order
                0x0000000000402d3c                inhx32_gethexn
                0x0000000000402d5d                inhx32_gethexb
                0x0000000000402d9b                inhx32
                0x0000000000403370                inhx32_free
 *fill*         0x00000000004033bd        0x3 
 .text          0x00000000004033c0     0x1556 io.o
                0x00000000004033c0                io_signal
                0x00000000004033cb                io_signal_on
                0x00000000004033e4                io_signal_off
                0x00000000004033f0                io_config
                0x000000000040340d                io_release
                0x000000000040340e                io_exit
                0x0000000000403433                io_close
                0x000000000040347a                io_open
                0x00000000004034fc                io_error
                0x0000000000403519                io_fault
                0x0000000000403531                io_usleep
                0x000000000040359d                io_set_pgm
                0x00000000004035f3                io_set_vpp
                0x000000000040363c                io_set_pgd
                0x0000000000403685                io_set_pgc
                0x0000000000403707                io_get_pgd
                0x0000000000403758                io_configure
                0x0000000000403760                io_data_input
                0x0000000000403772                io_clock_in_bits
                0x00000000004037ef                io_clock_out_bits
                0x0000000000403842                io_program_feedback
                0x00000000004038b2                io_program_out
                0x0000000000403914                io_program_in
                0x0000000000403983                io_test0
                0x0000000000403b66                io_test1
                0x0000000000403d95                io_test2
                0x0000000000403fbb                io_test3
                0x0000000000404034                io_test4
                0x00000000004041d4                io_test_out
                0x00000000004042b8                io_test_in
                0x0000000000404447                io_test_command
                0x000000000040468d                io_test_err
                0x00000000004046fc                io_test_switch
                0x000000000040478d                io_test_lasterror
                0x000000000040480d                io_test5
 *fill*         0x0000000000404916        0x2 
 .text          0x0000000000404918      0xb40 pic.o
                0x0000000000404918                pic_arch
                0x000000000040499a                pic_cmp
                0x00000000004049a5                pic_selector
                0x00000000004049cd                pic_read_config
                0x00000000004049f5                pic_get_program_size
                0x0000000000404a27                pic_get_data_size
                0x0000000000404a58                pic_get_executive_size
                0x0000000000404a8a                pic_read_program_memory_block
                0x0000000000404aba                pic_read_data_memory_block
                0x0000000000404aec                pic_program
                0x0000000000404b4a                pic_verify
                0x0000000000404b9d                pic_writebandgap
                0x0000000000404c02                pic_writeosccal
                0x0000000000404c71                pic_blank
                0x0000000000404cbc                pic_erase
                0x0000000000404d18                pic_dumpdeviceid
                0x0000000000404d5c                pic_dumpconfig
                0x0000000000404da2                pic_dumposccal
                0x0000000000404e03                pic_dumpaddr
                0x0000000000404e49                pic_dumpbyte
                0x0000000000404e96                pic_dumpword16
                0x0000000000404ef1                pic_dumpword32
                0x0000000000404f6c                pic_mtcode
                0x0000000000404f8e                pic_dumphexcode
                0x0000000000404fb9                pic_dumpinhxcode
                0x0000000000404fe4                pic_dump_program
                0x00000000004050a8                pic_dumpexec
                0x0000000000405132                pic_dumpprogram
                0x00000000004051a4                pic_mtdata
                0x00000000004051c7                pic_dumphexdata
                0x00000000004051f2                pic_dumpinhxdata
                0x000000000040521d                pic_dump_data
                0x00000000004052e2                pic_dumpdata
                0x0000000000405361                pic_dumpdevice
 .text          0x0000000000405458       0xd7 util.o
                0x0000000000405458                areyousure
                0x0000000000405487                mystrcasestr
 *fill*         0x000000000040552f        0x1 
 .text          0x0000000000405530     0x13eb pic12.o
                0x0000000000405530                pic12_get_program_size
                0x000000000040554b                pic12_get_data_size
                0x0000000000405576                pic12_dumpdevice
                0x00000000004055d2                pic12_dumpconfig
                0x00000000004055ef                pic12_dumpdeviceid
                0x000000000040574e                pic12_dumpinhxdata
                0x0000000000405819                pic12_dumphexdata
                0x0000000000405914                pic12_dumpinhxcode
                0x0000000000405a03                pic12_dumphexcode
                0x0000000000405bf9                pic12_selector
                0x0000000000405c9d                pic12_dumposccal
                0x0000000000405d5e                pic12_arch
                0x0000000000405d70                pic12_program_verify
                0x0000000000405dd8                pic12_standby
                0x0000000000405e02                pic12_read_program_memory_increment
                0x0000000000405e25                pic12_read_data_memory_block
                0x0000000000405e84                pic12_read_program_memory_block
                0x0000000000405ee9                pic12_read_config_memory
                0x00000000004060c7                pic12_read_osccal
                0x000000000040610c                pic12_write_osccal
                0x0000000000406282                pic12_bulk_erase
                0x00000000004063cd                pic12_write_config
                0x0000000000406408                pic12_getregion
                0x0000000000406457                pic12_initregion
                0x00000000004064a3                pic12_loadregion
                0x00000000004064cd                pic12_programregion
                0x000000000040657b                pic12_program
                0x000000000040673a                pic12_verifyregion
                0x000000000040679d                pic12_verify
 *fill*         0x000000000040691b        0x1 
 .text          0x000000000040691c     0x2196 pic14.o
                0x000000000040691c                pic14_get_program_size
                0x0000000000406937                pic14_get_data_size
                0x0000000000406962                pic14_dumpdevice
                0x00000000004069ea                pic14_dumpconfig
                0x0000000000406a6c                pic14_dumpinhxdata
                0x0000000000406b44                pic14_dumphexdata
                0x0000000000406c3f                pic14_dumpinhxcode
                0x0000000000406d2e                pic14_dumphexcode
                0x0000000000406fbb                pic14_selector
                0x0000000000407064                pic14_arch
                0x0000000000407076                pic14_program_verify
                0x000000000040713e                pic14_standby
                0x0000000000407196                pic14_read_program_memory_increment
                0x00000000004071b9                pic14_read_program_memory_block
                0x0000000000407220                pic14_read_config_memory
                0x000000000040743b                pic14_read_data_memory_increment
                0x000000000040745e                pic14_read_data_memory_block
                0x00000000004074d9                pic14_write_word
                0x000000000040775b                pic14_row_erase
                0x00000000004078cd                pic14_read_osccal
                0x0000000000407948                pic14_dumposccal
                0x0000000000407999                pic14_dumpdeviceid
                0x0000000000407cff                pic14_write_osccal
                0x0000000000407db4                pic14_write_config
                0x0000000000407f79                pic14_bulk_erase
                0x00000000004083a0                pic14_getregion
                0x0000000000408431                pic14_initregion
                0x00000000004084b7                pic14_loadregion
                0x00000000004084f4                pic14_programregion
                0x0000000000408676                pic14_program
                0x000000000040888a                pic14_verifyregion
                0x0000000000408934                pic14_verify
 *fill*         0x0000000000408ab2        0x2 
 .text          0x0000000000408ab4     0x1f1b pic16.o
                0x0000000000408ad3                pic16_get_program_size
                0x0000000000408aed                pic16_get_data_size
                0x0000000000408b08                pic16_dumpconfig
                0x0000000000408b65                pic16_dumpdeviceid
                0x0000000000408d0b                pic16_dumpinhxdata
                0x0000000000408def                pic16_dumphexdata
                0x0000000000408eea                pic16_dumpinhxcode
                0x0000000000408fdd                pic16_dumphexcode
                0x0000000000409236                pic16_selector
                0x00000000004092de                pic16_dumpdevice
                0x000000000040935e                pic16_arch
                0x0000000000409370                pic16_program_verify
                0x0000000000409483                pic16_standby
                0x00000000004094ad                pic16_init_code_memory_access
                0x00000000004094e0                pic16_init_config_memory_access
                0x0000000000409513                pic16_init_data_memory_access
                0x0000000000409546                pic16_write_enable
                0x000000000040956b                pic16_write_disable
                0x0000000000409590                pic16_free
                0x00000000004095b5                pic16_write
                0x00000000004095da                pic16_set_table_pointer
                0x0000000000409647                pic16_read_program_memory_block
                0x00000000004096b6                pic16_read_config_memory
                0x00000000004098bf                pic16_erase_block
                0x0000000000409978                pic16_erase_row
                0x0000000000409a60                pic16_bulk_erase
                0x0000000000409c57                pic16_set_data_pointer
                0x0000000000409cd3                pic16_read_data_memory
                0x0000000000409d61                pic16_read_data_memory_block
                0x0000000000409dc3                pic16_write_data_memory
                0x0000000000409f4f                pic16_row_erase
                0x000000000040a06d                pic16_write_buffer_init
                0x000000000040a0ca                pic16_write_buffer
                0x000000000040a19c                pic16_write_buffered
                0x000000000040a340                pic16_goto100000
                0x000000000040a35c                pic16_write_configreg
                0x000000000040a3e5                pic16_write_config
                0x000000000040a4d7                pic16_getregion
                0x000000000040a56c                pic16_init_writeregion
                0x000000000040a5e4                pic16_writeregion
                0x000000000040a659                pic16_program
                0x000000000040a7cf                pic16_init_verifyregion
                0x000000000040a80f                pic16_verifyregion
                0x000000000040a8b1                pic16_verify
 *fill*         0x000000000040a9cf        0x1 
 .text          0x000000000040a9d0     0x30ff pic24.o
                0x000000000040a9d0                pic24_get_program_size
                0x000000000040a9ea                pic24_get_data_size
                0x000000000040aa2b                pic24_get_executive_size
                0x000000000040aa71                pic24_dumpconfig
                0x000000000040ae4d                pic24_dumpdeviceid
                0x000000000040b404                pic24_dumpinhxdata
                0x000000000040b50b                pic24_dumphexdata
                0x000000000040b63a                pic24_dumpinhxcode
                0x000000000040b74c                pic24_dumphexcode
                0x000000000040b8b2                pic24_selector
                0x000000000040b954                pic24_dumpdevice
                0x000000000040ba79                pic24_arch
                0x000000000040ba8b                pic24_standby
                0x000000000040bab5                pic24_goto200
                0x000000000040bac6                pic24_program_verify
                0x000000000040bc2f                pic24_readreg
                0x000000000040bc75                pic24_set_read_pointer
                0x000000000040bcf7                pic24_read_data_memory_block
                0x000000000040bd57                pic24_set_write_pointer
                0x000000000040bdb1                pic24_table_read24_post_increment
                0x000000000040bdff                pic24_read_config_memory
                0x000000000040c11f                pic24_table_read48_post_increment
                0x000000000040c1c7                pic24_read_program_memory_block
                0x000000000040c28f                pic24_nvmcon_write_completion
                0x000000000040c36d                pic24_nvmcon_write_external
                0x000000000040c3e7                pic24_PIC24FJ_erase
                0x000000000040c45e                pic24_dsPIC33FJ_erase
                0x000000000040c4da                pic24_PIC24FKA_erase
                0x000000000040c551                pic24_dsPIC33E_PIC24E_erase
                0x000000000040c5f4                pic24_write_buffer_init
                0x000000000040c6b5                pic24_write_program
                0x000000000040c8fb                pic24_write_data
                0x000000000040ca99                pic24_write_program_word24
                0x000000000040cb1a                pic24_write_program_word48
                0x000000000040ccd3                pic24_write_data_word16
                0x000000000040cd24                pic24_write_buffer
                0x000000000040cd87                pic24_write_buffered
                0x000000000040cf42                pic24_restore_calibration
                0x000000000040cff5                pic24_write_config_init1
                0x000000000040d04b                pic24_write_config_init2
                0x000000000040d091                pic24_write_config_word
                0x000000000040d108                pic24_write_config_words
                0x000000000040d192                pic24_dsPIC30F_erase
                0x000000000040d231                pic24_write_fuid_words
                0x000000000040d2ba                pic24_dsPIC33F_PIC24H_erase
                0x000000000040d34e                pic24_bulk_erase
                0x000000000040d421                pic24_write_config
                0x000000000040d4a7                pic24_getregion
                0x000000000040d5c0                pic24_init_writeregion
                0x000000000040d6ac                pic24_writeregion
                0x000000000040d72f                pic24_program
                0x000000000040d8dd                pic24_init_verifyregion
                0x000000000040d900                pic24_verifyregion
                0x000000000040d98c                pic24_verify
 *fill*         0x000000000040dacf        0x1 
 .text          0x000000000040dad0      0x1e2 serial_posix.o
                0x000000000040dad0                serial_open
                0x000000000040db70                serial_close
                0x000000000040db88                get_cts
                0x000000000040dbb2                reset_gpios
                0x000000000040dbda                set_dtr
                0x000000000040dc10                set_rts
                0x000000000040dc46                set_tx
                0x000000000040dc7c                set_gpio0
 *fill*         0x000000000040dcb2        0xe 
 .text          0x000000000040dcc0       0x92 /usr/lib/x86_64-linux-gnu/libc_nonshared.a(elf-init.oS)
                0x000000000040dcc0                __libc_csu_init
                0x000000000040dd50                __libc_csu_fini
 *fill*         0x000000000040dd52        0x2 
 .text          0x000000000040dd54        0x0 /usr/lib/gcc/x86_64-linux-gnu/4.7/crtend.o
 .text          0x000000000040dd54        0x0 /usr/lib/gcc/x86_64-linux-gnu/4.7/../../../x86_64-linux-gnu/crtn.o
 *(.gnu.warning)

.fini           0x000000000040dd54        0x9
 *(SORT(.fini))
 .fini          0x000000000040dd54        0x4 /usr/lib/gcc/x86_64-linux-gnu/4.7/../../../x86_64-linux-gnu/crti.o
                0x000000000040dd54                _fini
 .fini          0x000000000040dd58        0x5 /usr/lib/gcc/x86_64-linux-gnu/4.7/../../../x86_64-linux-gnu/crtn.o
                0x000000000040dd5d                PROVIDE (__etext, .)
                0x000000000040dd5d                PROVIDE (_etext, .)
                0x000000000040dd5d                PROVIDE (etext, .)

.rodata         0x000000000040dd60     0x3f92
 *(.rodata .rodata.* .gnu.linkonce.r.*)
 .rodata.cst4   0x000000000040dd60        0x4 /usr/lib/gcc/x86_64-linux-gnu/4.7/../../../x86_64-linux-gnu/crt1.o
                0x000000000040dd60                _IO_stdin_used
 .rodata.str1.1
                0x000000000040dd64     0x1796 k8048.o
                                       0x17b9 (size before relaxing)
 *fill*         0x000000000040f4fa        0x6 
 .rodata        0x000000000040f500       0xde k8048.o
                0x000000000040f5d0                VERSION
 .rodata.str1.1
                0x000000000040f5de       0xa5 dotconf.o
                                         0xb5 (size before relaxing)
 *fill*         0x000000000040f683        0x5 
 .rodata        0x000000000040f688        0xb dotconf.o
 .rodata.str1.1
                0x000000000040f693      0x358 inhx32.o
                                        0x35d (size before relaxing)
 *fill*         0x000000000040f9eb        0x5 
 .rodata        0x000000000040f9f0       0x37 inhx32.o
 .rodata.str1.1
                0x000000000040fa27      0x7a8 io.o
                                        0x7b3 (size before relaxing)
 *fill*         0x00000000004101cf        0x1 
 .rodata        0x00000000004101d0      0x131 io.o
 .rodata.str1.1
                0x0000000000410301      0x26b pic.o
                                        0x2b3 (size before relaxing)
 *fill*         0x000000000041056c        0x4 
 .rodata        0x0000000000410570      0x231 pic.o
 .rodata.str1.1
                0x00000000004107a1       0x19 util.o
 .rodata.str1.1
                0x00000000004107ba      0x3a4 pic12.o
                                        0x3b1 (size before relaxing)
 *fill*         0x0000000000410b5e        0x2 
 .rodata        0x0000000000410b60      0x162 pic12.o
 .rodata.str1.1
                0x0000000000410cc2      0x345 pic14.o
                                        0x57c (size before relaxing)
 *fill*         0x0000000000411007        0x9 
 .rodata        0x0000000000411010      0x1c2 pic14.o
 .rodata.str1.1
                0x00000000004111d2      0x264 pic16.o
                                        0x40a (size before relaxing)
 *fill*         0x0000000000411436        0xa 
 .rodata        0x0000000000411440      0x152 pic16.o
 .rodata.str1.1
                0x0000000000411592      0x337 pic24.o
                                        0x4cc (size before relaxing)
 *fill*         0x00000000004118c9        0x7 
 .rodata        0x00000000004118d0      0x422 pic24.o

.rodata1
 *(.rodata1)

.eh_frame_hdr   0x0000000000411cf4      0x90c
 *(.eh_frame_hdr)
 .eh_frame_hdr  0x0000000000411cf4      0x90c k8048.o

.eh_frame       0x0000000000412600     0x324c
 *(.eh_frame)
 .eh_frame      0x0000000000412600       0x40 /usr/lib/gcc/x86_64-linux-gnu/4.7/../../../x86_64-linux-gnu/crt1.o
 .eh_frame      0x0000000000412640      0x1b0 k8048.o
 .eh_frame      0x00000000004127f0       0x68 dotconf.o
                                         0x78 (size before relaxing)
 .eh_frame      0x0000000000412858       0xe8 inhx32.o
                                         0xf0 (size before relaxing)
 .eh_frame      0x0000000000412940      0x5c8 io.o
                                        0x588 (size before relaxing)
 .eh_frame      0x0000000000412f08      0x518 pic.o
                                        0x4e8 (size before relaxing)
 .eh_frame      0x0000000000413420       0x60 util.o
                                         0x78 (size before relaxing)
 .eh_frame      0x0000000000413480      0x678 pic12.o
                                        0x640 (size before relaxing)
 .eh_frame      0x0000000000413af8      0x7e8 pic14.o
                                        0x7b0 (size before relaxing)
 .eh_frame      0x00000000004142e0      0x998 pic16.o
                                        0x948 (size before relaxing)
 .eh_frame      0x0000000000414c78      0xac8 pic24.o
                                        0xa60 (size before relaxing)
 .eh_frame      0x0000000000415740       0xc8 serial_posix.o
                                         0xe0 (size before relaxing)
 .eh_frame      0x0000000000415808       0x40 /usr/lib/x86_64-linux-gnu/libc_nonshared.a(elf-init.oS)
                                         0x58 (size before relaxing)
 .eh_frame      0x0000000000415848        0x4 /usr/lib/gcc/x86_64-linux-gnu/4.7/crtend.o

.gcc_except_table
 *(.gcc_except_table .gcc_except_table.*)

.exception_ranges
 *(.exception_ranges .exception_ranges*)
                0x000000000041584c                . = (ALIGN (0x200000) - ((0x200000 - .) & 0x1fffff))
                0x0000000000615e0c                . = DATA_SEGMENT_ALIGN (0x200000, 0x1000)

.eh_frame
 *(.eh_frame)

.gcc_except_table
 *(.gcc_except_table .gcc_except_table.*)

.exception_ranges
 *(.exception_ranges .exception_ranges*)

.tdata
 *(.tdata .tdata.* .gnu.linkonce.td.*)

.tbss
 *(.tbss .tbss.* .gnu.linkonce.tb.*)
 *(.tcommon)

.preinit_array  0x0000000000615e0c        0x0
                0x0000000000615e0c                PROVIDE (__preinit_array_start, .)
 *(.preinit_array)
                0x0000000000615e0c                PROVIDE (__preinit_array_end, .)

.init_array     0x0000000000615e10        0x8
                0x0000000000615e10                PROVIDE (__init_array_start, .)
 *(SORT(.init_array.*) SORT(.ctors.*))
 *(.init_array)
 .init_array    0x0000000000615e10        0x8 /usr/lib/gcc/x86_64-linux-gnu/4.7/crtbegin.o
 *(EXCLUDE_FILE(*crtend?.o *crtend.o *crtbegin?.o *crtbegin.o) .ctors)
                0x0000000000615e18                PROVIDE (__init_array_end, .)

.fini_array     0x0000000000615e18        0x8
                0x0000000000615e18                PROVIDE (__fini_array_start, .)
 *(SORT(.fini_array.*) SORT(.dtors.*))
 *(.fini_array)
 .fini_array    0x0000000000615e18        0x8 /usr/lib/gcc/x86_64-linux-gnu/4.7/crtbegin.o
 *(EXCLUDE_FILE(*crtend?.o *crtend.o *crtbegin?.o *crtbegin.o) .dtors)
                0x0000000000615e20                PROVIDE (__fini_array_end, .)

.ctors
 *crtbegin.o(.ctors)
 *crtbegin?.o(.ctors)
 *(EXCLUDE_FILE(*crtend?.o *crtend.o) .ctors)
 *(SORT(.ctors.*))
 *(.ctors)

.dtors
 *crtbegin.o(.dtors)
 *crtbegin?.o(.dtors)
 *(EXCLUDE_FILE(*crtend?.o *crtend.o) .dtors)
 *(SORT(.dtors.*))
 *(.dtors)

.jcr            0x0000000000615e20        0x8
 *(.jcr)
 .jcr           0x0000000000615e20        0x0 /usr/lib/gcc/x86_64-linux-gnu/4.7/crtbegin.o
 .jcr           0x0000000000615e20        0x8 /usr/lib/gcc/x86_64-linux-gnu/4.7/crtend.o

.data.rel.ro
 *(.data.rel.ro.local* .gnu.linkonce.d.rel.ro.local.*)
 *(.data.rel.ro .data.rel.ro.* .gnu.linkonce.d.rel.ro.*)

.dynamic        0x0000000000615e28      0x1d0
 *(.dynamic)
 .dynamic       0x0000000000615e28      0x1d0 /usr/lib/gcc/x86_64-linux-gnu/4.7/../../../x86_64-linux-gnu/crt1.o
                0x0000000000615e28                _DYNAMIC

.got            0x0000000000615ff8        0x8
 *(.got)
 .got           0x0000000000615ff8        0x8 /usr/lib/gcc/x86_64-linux-gnu/4.7/../../../x86_64-linux-gnu/crt1.o
 *(.igot)
                0x0000000000616fe8                . = DATA_SEGMENT_RELRO_END (., (SIZEOF (.got.plt) >= 0x18)?0x18:0x0)

.got.plt        0x0000000000616000      0x1b0
 *(.got.plt)
 .got.plt       0x0000000000616000      0x1b0 /usr/lib/gcc/x86_64-linux-gnu/4.7/../../../x86_64-linux-gnu/crt1.o
                0x0000000000616000                _GLOBAL_OFFSET_TABLE_
 *(.igot.plt)
 .igot.plt      0x0000000000000000        0x0 /usr/lib/gcc/x86_64-linux-gnu/4.7/../../../x86_64-linux-gnu/crt1.o

.data           0x00000000006161b0    0xc2cc4
 *(.data .data.* .gnu.linkonce.d.*)
 .data          0x00000000006161b0        0x4 /usr/lib/gcc/x86_64-linux-gnu/4.7/../../../x86_64-linux-gnu/crt1.o
                0x00000000006161b0                data_start
                0x00000000006161b0                __data_start
 .data          0x00000000006161b4        0x0 /usr/lib/gcc/x86_64-linux-gnu/4.7/../../../x86_64-linux-gnu/crti.o
 *fill*         0x00000000006161b4        0x4 
 .data          0x00000000006161b8        0x8 /usr/lib/gcc/x86_64-linux-gnu/4.7/crtbegin.o
                0x00000000006161b8                __dso_handle
 .data          0x00000000006161c0        0x0 k8048.o
 .data          0x00000000006161c0        0x0 dotconf.o
 .data          0x00000000006161c0        0x0 inhx32.o
 .data          0x00000000006161c0        0x4 io.o
 .data          0x00000000006161c4        0x0 pic.o
 .data          0x00000000006161c4        0x0 util.o
 *fill*         0x00000000006161c4        0xc 
 .data          0x00000000006161d0     0x4e30 pic12.o
                0x00000000006161d0                pic12_index
                0x00000000006161e0                pic12_map
                0x000000000061af60                pic12_ops
 .data          0x000000000061b000    0x37dd0 pic14.o
                0x000000000061b000                pic14_index
                0x000000000061b010                pic14_map
                0x0000000000652d30                pic14_ops
 .data          0x0000000000652dd0    0x2def0 pic16.o
                0x0000000000652dd0                pic16_index
                0x0000000000652de0                pic16_map
                0x0000000000680c20                pic16_ops
 .data          0x0000000000680cc0    0x581b0 pic24.o
                0x0000000000680cc0                pic24_index
                0x0000000000680cd0                pic24_map
                0x00000000006d8dd0                pic24_ops
 .data          0x00000000006d8e70        0x4 serial_posix.o
 .data          0x00000000006d8e74        0x0 /usr/lib/x86_64-linux-gnu/libc_nonshared.a(elf-init.oS)
 .data          0x00000000006d8e74        0x0 /usr/lib/gcc/x86_64-linux-gnu/4.7/crtend.o
 .data          0x00000000006d8e74        0x0 /usr/lib/gcc/x86_64-linux-gnu/4.7/../../../x86_64-linux-gnu/crtn.o

.tm_clone_table
                0x00000000006d8e78        0x0
 .tm_clone_table
                0x00000000006d8e78        0x0 /usr/lib/gcc/x86_64-linux-gnu/4.7/crtbegin.o
 .tm_clone_table
                0x00000000006d8e78        0x0 /usr/lib/gcc/x86_64-linux-gnu/4.7/crtend.o

.data1
 *(.data1)
                0x00000000006d8e78                _edata = .
                0x00000000006d8e78                PROVIDE (edata, .)
                0x00000000006d8e78                . = .
                0x00000000006d8e78                __bss_start = .

.bss            0x00000000006d8e80      0x228
 *(.dynbss)
 .dynbss        0x00000000006d8e80       0x18 /usr/lib/gcc/x86_64-linux-gnu/4.7/../../../x86_64-linux-gnu/crt1.o
                0x00000000006d8e80                stdout@@GLIBC_2.2.5
                0x00000000006d8e88                stdin@@GLIBC_2.2.5
                0x00000000006d8e90                stderr@@GLIBC_2.2.5
 *(.bss .bss.* .gnu.linkonce.b.*)
 .bss           0x00000000006d8e98        0x0 /usr/lib/gcc/x86_64-linux-gnu/4.7/../../../x86_64-linux-gnu/crt1.o
 .bss           0x00000000006d8e98        0x0 /usr/lib/gcc/x86_64-linux-gnu/4.7/../../../x86_64-linux-gnu/crti.o
 .bss           0x00000000006d8e98        0x1 /usr/lib/gcc/x86_64-linux-gnu/4.7/crtbegin.o
 *fill*         0x00000000006d8e99        0x3 
 .bss           0x00000000006d8e9c        0x0 k8048.o
 .bss           0x00000000006d8e9c        0x0 dotconf.o
 *fill*         0x00000000006d8e9c        0x4 
 .bss           0x00000000006d8ea0        0xc inhx32.o
 *fill*         0x00000000006d8eac        0x4 
 .bss           0x00000000006d8eb0       0x34 io.o
                0x00000000006d8eb0                io_stop
 .bss           0x00000000006d8ee4        0x2 pic.o
 *fill*         0x00000000006d8ee6        0x2 
 .bss           0x00000000006d8ee8        0x0 util.o
 .bss           0x00000000006d8ee8        0x4 pic12.o
 .bss           0x00000000006d8eec        0x4 pic14.o
 .bss           0x00000000006d8ef0       0x18 pic16.o
 .bss           0x00000000006d8f08       0x18 pic24.o
 .bss           0x00000000006d8f20        0x0 serial_posix.o
 .bss           0x00000000006d8f20        0x0 /usr/lib/x86_64-linux-gnu/libc_nonshared.a(elf-init.oS)
 .bss           0x00000000006d8f20        0x0 /usr/lib/gcc/x86_64-linux-gnu/4.7/crtend.o
 .bss           0x00000000006d8f20        0x0 /usr/lib/gcc/x86_64-linux-gnu/4.7/../../../x86_64-linux-gnu/crtn.o
 *(COMMON)
 COMMON         0x00000000006d8f20        0xe pic12.o
                0x00000000006d8f20                pic12_conf
 *fill*         0x00000000006d8f2e        0x2 
 COMMON         0x00000000006d8f30       0x54 pic14.o
                0x00000000006d8f30                pic14_conf
 *fill*         0x00000000006d8f84        0xc 
 COMMON         0x00000000006d8f90       0x1a pic16.o
                0x00000000006d8f90                pic16_conf
 *fill*         0x00000000006d8faa        0x6 
 COMMON         0x00000000006d8fb0       0xf4 pic24.o
                0x00000000006d8fb0                pic24_conf
                0x00000000006d90a8                . = ALIGN ((. != 0x0)?0x8:0x1)
 *fill*         0x00000000006d90a4        0x4 

.lbss
 *(.dynlbss)
 *(.lbss .lbss.* .gnu.linkonce.lb.*)
 *(LARGE_COMMON)
                0x00000000006d90a8                . = ALIGN (0x8)

.lrodata
 *(.lrodata .lrodata.* .gnu.linkonce.lr.*)

.ldata          0x0000000000ad90a8        0x0
 *(.ldata .ldata.* .gnu.linkonce.l.*)
                0x0000000000ad90a8                . = ALIGN ((. != 0x0)?0x8:0x1)
                0x0000000000ad90a8                . = ALIGN (0x8)
                0x0000000000ad90a8                _end = .
                0x0000000000ad90a8                PROVIDE (end, .)
                0x0000000000ad90a8                . = DATA_SEGMENT_END (.)

.stab
 *(.stab)

.stabstr
 *(.stabstr)

.stab.excl
 *(.stab.excl)

.stab.exclstr
 *(.stab.exclstr)

.stab.index
 *(.stab.index)

.stab.indexstr
 *(.stab.indexstr)

.comment        0x0000000000000000       0x6b
 *(.comment)
 .comment       0x0000000000000000       0x2a /usr/lib/gcc/x86_64-linux-gnu/4.7/crtbegin.o
                                         0x2b (size before relaxing)
 .comment       0x0000000000000000       0x2b k8048.o
 .comment       0x0000000000000000       0x2b dotconf.o
 .comment       0x0000000000000000       0x2b inhx32.o
 .comment       0x0000000000000000       0x2b io.o
 .comment       0x0000000000000000       0x2b pic.o
 .comment       0x0000000000000000       0x2b util.o
 .comment       0x0000000000000000       0x2b pic12.o
 .comment       0x0000000000000000       0x2b pic14.o
 .comment       0x0000000000000000       0x2b pic16.o
 .comment       0x0000000000000000       0x2b pic24.o
 .comment       0x0000000000000000       0x2b serial_posix.o
 .comment       0x000000000000002a       0x41 /usr/lib/x86_64-linux-gnu/libc_nonshared.a(elf-init.oS)
                                         0x42 (size before relaxing)
 .comment       0x0000000000000000       0x2b /usr/lib/gcc/x86_64-linux-gnu/4.7/crtend.o

.debug
 *(.debug)

.line
 *(.line)

.debug_srcinfo
 *(.debug_srcinfo)

.debug_sfnames
 *(.debug_sfnames)

.debug_aranges
 *(.debug_aranges)

.debug_pubnames
 *(.debug_pubnames)

.debug_info
 *(.debug_info .gnu.linkonce.wi.*)

.debug_abbrev
 *(.debug_abbrev)

.debug_line
 *(.debug_line)

.debug_frame
 *(.debug_frame)

.debug_str
 *(.debug_str)

.debug_loc
 *(.debug_loc)

.debug_macinfo
 *(.debug_macinfo)

.debug_weaknames
 *(.debug_weaknames)

.debug_funcnames
 *(.debug_funcnames)

.debug_typenames
 *(.debug_typenames)

.debug_varnames
 *(.debug_varnames)

.debug_pubtypes
 *(.debug_pubtypes)

.debug_ranges
 *(.debug_ranges)

.debug_macro
 *(.debug_macro)

.gnu.attributes
 *(.gnu.attributes)

/DISCARD/
 *(.note.GNU-stack)
 *(.gnu_debuglink)
 *(.gnu.lto_*)
OUTPUT(k8048 elf64-x86-64)
