Archive member included because of file (symbol)

/usr/lib/x86_64-linux-gnu/libc_nonshared.a(elf-init.oS)
                              /usr/lib/gcc/x86_64-linux-gnu/4.7/../../../x86_64-linux-gnu/crt1.o (__libc_csu_init)

Discarded input sections

 .note.GNU-stack
                0x0000000000000000        0x0 /usr/lib/gcc/x86_64-linux-gnu/4.7/../../../x86_64-linux-gnu/crt1.o
 .gnu_debuglink
                0x0000000000000000        0xc /usr/lib/gcc/x86_64-linux-gnu/4.7/../../../x86_64-linux-gnu/crt1.o
 .note.GNU-stack
                0x0000000000000000        0x0 /usr/lib/gcc/x86_64-linux-gnu/4.7/../../../x86_64-linux-gnu/crti.o
 .gnu_debuglink
                0x0000000000000000        0xc /usr/lib/gcc/x86_64-linux-gnu/4.7/../../../x86_64-linux-gnu/crti.o
 .note.GNU-stack
                0x0000000000000000        0x0 /usr/lib/gcc/x86_64-linux-gnu/4.7/crtbegin.o
 .note.GNU-stack
                0x0000000000000000        0x0 kio.o
 .note.GNU-stack
                0x0000000000000000        0x0 dotconf.o
 .note.GNU-stack
                0x0000000000000000        0x0 io.o
 .note.GNU-stack
                0x0000000000000000        0x0 util.o
 .note.GNU-stack
                0x0000000000000000        0x0 serial_posix.o
 .note.GNU-stack
                0x0000000000000000        0x0 /usr/lib/x86_64-linux-gnu/libc_nonshared.a(elf-init.oS)
 .note.GNU-stack
                0x0000000000000000        0x0 /usr/lib/gcc/x86_64-linux-gnu/4.7/crtend.o
 .note.GNU-stack
                0x0000000000000000        0x0 /usr/lib/gcc/x86_64-linux-gnu/4.7/../../../x86_64-linux-gnu/crtn.o
 .gnu_debuglink
                0x0000000000000000        0xc /usr/lib/gcc/x86_64-linux-gnu/4.7/../../../x86_64-linux-gnu/crtn.o

↵
Speichereinrichtung
↵

Name             Ursprung           Länge             Eigenschaften
*default*        0x0000000000000000 0xffffffffffffffff

Linker script and memory map

LOAD /usr/lib/gcc/x86_64-linux-gnu/4.7/../../../x86_64-linux-gnu/crt1.o
LOAD /usr/lib/gcc/x86_64-linux-gnu/4.7/../../../x86_64-linux-gnu/crti.o
LOAD /usr/lib/gcc/x86_64-linux-gnu/4.7/crtbegin.o
LOAD kio.o
LOAD dotconf.o
LOAD io.o
LOAD util.o
LOAD serial_posix.o
LOAD /usr/lib/gcc/x86_64-linux-gnu/4.7/libgcc.a
LOAD /usr/lib/gcc/x86_64-linux-gnu/4.7/libgcc_s.so
LOAD /usr/lib/gcc/x86_64-linux-gnu/4.7/../../../x86_64-linux-gnu/libc.so
START GROUP
LOAD /lib/x86_64-linux-gnu/libc.so.6
LOAD /usr/lib/x86_64-linux-gnu/libc_nonshared.a
LOAD /lib/x86_64-linux-gnu/ld-linux-x86-64.so.2
END GROUP
LOAD /usr/lib/gcc/x86_64-linux-gnu/4.7/libgcc.a
LOAD /usr/lib/gcc/x86_64-linux-gnu/4.7/libgcc_s.so
LOAD /usr/lib/gcc/x86_64-linux-gnu/4.7/crtend.o
LOAD /usr/lib/gcc/x86_64-linux-gnu/4.7/../../../x86_64-linux-gnu/crtn.o
                0x0000000000400000                PROVIDE (__executable_start, 0x400000)
                0x0000000000400238                . = (0x400000 + SIZEOF_HEADERS)

.interp         0x0000000000400238       0x1c
 *(.interp)
 .interp        0x0000000000400238       0x1c /usr/lib/gcc/x86_64-linux-gnu/4.7/../../../x86_64-linux-gnu/crt1.o

.note.ABI-tag   0x0000000000400254       0x20
 .note.ABI-tag  0x0000000000400254       0x20 /usr/lib/gcc/x86_64-linux-gnu/4.7/../../../x86_64-linux-gnu/crt1.o

.note.gnu.build-id
                0x0000000000400274       0x24
 *(.note.gnu.build-id)
 .note.gnu.build-id
                0x0000000000400274       0x24 /usr/lib/gcc/x86_64-linux-gnu/4.7/../../../x86_64-linux-gnu/crt1.o

.hash
 *(.hash)

.gnu.hash       0x0000000000400298       0x30
 *(.gnu.hash)
 .gnu.hash      0x0000000000400298       0x30 /usr/lib/gcc/x86_64-linux-gnu/4.7/../../../x86_64-linux-gnu/crt1.o

.dynsym         0x00000000004002c8      0x3f0
 *(.dynsym)
 .dynsym        0x00000000004002c8      0x3f0 /usr/lib/gcc/x86_64-linux-gnu/4.7/../../../x86_64-linux-gnu/crt1.o

.dynstr         0x00000000004006b8      0x17e
 *(.dynstr)
 .dynstr        0x00000000004006b8      0x17e /usr/lib/gcc/x86_64-linux-gnu/4.7/../../../x86_64-linux-gnu/crt1.o

.gnu.version    0x0000000000400836       0x54
 *(.gnu.version)
 .gnu.version   0x0000000000400836       0x54 /usr/lib/gcc/x86_64-linux-gnu/4.7/../../../x86_64-linux-gnu/crt1.o

.gnu.version_d  0x0000000000400890        0x0
 *(.gnu.version_d)
 .gnu.version_d
                0x0000000000000000        0x0 /usr/lib/gcc/x86_64-linux-gnu/4.7/../../../x86_64-linux-gnu/crt1.o

.gnu.version_r  0x0000000000400890       0x40
 *(.gnu.version_r)
 .gnu.version_r
                0x0000000000400890       0x40 /usr/lib/gcc/x86_64-linux-gnu/4.7/../../../x86_64-linux-gnu/crt1.o

.rela.dyn       0x00000000004008d0       0x60
 *(.rela.init)
 *(.rela.text .rela.text.* .rela.gnu.linkonce.t.*)
 .rela.text     0x0000000000000000        0x0 /usr/lib/gcc/x86_64-linux-gnu/4.7/../../../x86_64-linux-gnu/crt1.o
 .rela.text.startup
                0x0000000000000000        0x0 /usr/lib/gcc/x86_64-linux-gnu/4.7/../../../x86_64-linux-gnu/crt1.o
 *(.rela.fini)
 *(.rela.rodata .rela.rodata.* .rela.gnu.linkonce.r.*)
 *(.rela.data .rela.data.* .rela.gnu.linkonce.d.*)
 *(.rela.tdata .rela.tdata.* .rela.gnu.linkonce.td.*)
 *(.rela.tbss .rela.tbss.* .rela.gnu.linkonce.tb.*)
 *(.rela.ctors)
 *(.rela.dtors)
 *(.rela.got)
 .rela.got      0x00000000004008d0       0x18 /usr/lib/gcc/x86_64-linux-gnu/4.7/../../../x86_64-linux-gnu/crt1.o
 *(.rela.bss .rela.bss.* .rela.gnu.linkonce.b.*)
 .rela.bss      0x00000000004008e8       0x48 /usr/lib/gcc/x86_64-linux-gnu/4.7/../../../x86_64-linux-gnu/crt1.o
 *(.rela.ldata .rela.ldata.* .rela.gnu.linkonce.l.*)
 *(.rela.lbss .rela.lbss.* .rela.gnu.linkonce.lb.*)
 *(.rela.lrodata .rela.lrodata.* .rela.gnu.linkonce.lr.*)
 *(.rela.ifunc)

.rela.plt       0x0000000000400930      0x378
 *(.rela.plt)
 .rela.plt      0x0000000000400930      0x378 /usr/lib/gcc/x86_64-linux-gnu/4.7/../../../x86_64-linux-gnu/crt1.o
                0x0000000000400ca8                PROVIDE (__rela_iplt_start, .)
 *(.rela.iplt)
 .rela.iplt     0x0000000000000000        0x0 /usr/lib/gcc/x86_64-linux-gnu/4.7/../../../x86_64-linux-gnu/crt1.o
                0x0000000000400ca8                PROVIDE (__rela_iplt_end, .)

.init           0x0000000000400ca8        0xe
 *(SORT(.init))
 .init          0x0000000000400ca8        0x9 /usr/lib/gcc/x86_64-linux-gnu/4.7/../../../x86_64-linux-gnu/crti.o
                0x0000000000400ca8                _init
 .init          0x0000000000400cb1        0x5 /usr/lib/gcc/x86_64-linux-gnu/4.7/../../../x86_64-linux-gnu/crtn.o

.plt            0x0000000000400cc0      0x260
 *(.plt)
 .plt           0x0000000000400cc0      0x260 /usr/lib/gcc/x86_64-linux-gnu/4.7/../../../x86_64-linux-gnu/crt1.o
                0x0000000000400cd0                getenv@@GLIBC_2.2.5
                0x0000000000400ce0                __snprintf_chk@@GLIBC_2.3.4
                0x0000000000400cf0                strcasecmp@@GLIBC_2.2.5
                0x0000000000400d00                strncpy@@GLIBC_2.2.5
                0x0000000000400d10                toupper@@GLIBC_2.2.5
                0x0000000000400d20                puts@@GLIBC_2.2.5
                0x0000000000400d30                fcntl@@GLIBC_2.2.5
                0x0000000000400d40                fclose@@GLIBC_2.2.5
                0x0000000000400d50                __stack_chk_fail@@GLIBC_2.4
                0x0000000000400d60                getuid@@GLIBC_2.2.5
                0x0000000000400d70                snprintf@@GLIBC_2.2.5
                0x0000000000400d80                gettimeofday@@GLIBC_2.2.5
                0x0000000000400d90                geteuid@@GLIBC_2.2.5
                0x0000000000400da0                ioctl@@GLIBC_2.2.5
                0x0000000000400db0                getcwd@@GLIBC_2.2.5
                0x0000000000400dc0                fgetc@@GLIBC_2.2.5
                0x0000000000400dd0                close@@GLIBC_2.2.5
                0x0000000000400de0                __libc_start_main@@GLIBC_2.2.5
                0x0000000000400df0                fgets@@GLIBC_2.2.5
                0x0000000000400e00                signal@@GLIBC_2.2.5
                0x0000000000400e10                __xpg_basename@@GLIBC_2.2.5
                0x0000000000400e20                tolower@@GLIBC_2.2.5
                0x0000000000400e30                fflush@@GLIBC_2.2.5
                0x0000000000400e40                __printf_chk@@GLIBC_2.3.4
                0x0000000000400e50                tcgetattr@@GLIBC_2.2.5
                0x0000000000400e60                tcsetattr@@GLIBC_2.2.5
                0x0000000000400e70                open@@GLIBC_2.2.5
                0x0000000000400e80                access@@GLIBC_2.2.5
                0x0000000000400e90                fopen@@GLIBC_2.2.5
                0x0000000000400ea0                strtoul@@GLIBC_2.2.5
                0x0000000000400eb0                exit@@GLIBC_2.2.5
                0x0000000000400ec0                __fprintf_chk@@GLIBC_2.3.4
                0x0000000000400ed0                setuid@@GLIBC_2.2.5
                0x0000000000400ee0                strdup@@GLIBC_2.2.5
                0x0000000000400ef0                sleep@@GLIBC_2.2.5
                0x0000000000400f00                strstr@@GLIBC_2.2.5
                0x0000000000400f10                usleep@@GLIBC_2.2.5
 *(.iplt)
 .iplt          0x0000000000000000        0x0 /usr/lib/gcc/x86_64-linux-gnu/4.7/../../../x86_64-linux-gnu/crt1.o

.text           0x0000000000400f20     0x36c4
 *(.text.unlikely .text.*_unlikely)
 *(.text.exit .text.exit.*)
 *(.text.startup .text.startup.*)
 .text.startup  0x0000000000400f20     0x17a1 kio.o
                0x0000000000400f20                main
 *(.text.hot .text.hot.*)
 *(.text .stub .text.* .gnu.linkonce.t.*)
 *fill*         0x00000000004026c1        0x3 
 .text          0x00000000004026c4       0x2c /usr/lib/gcc/x86_64-linux-gnu/4.7/../../../x86_64-linux-gnu/crt1.o
                0x00000000004026c4                _start
 .text          0x00000000004026f0       0x17 /usr/lib/gcc/x86_64-linux-gnu/4.7/../../../x86_64-linux-gnu/crti.o
 *fill*         0x0000000000402707        0x9 
 .text          0x0000000000402710       0xba /usr/lib/gcc/x86_64-linux-gnu/4.7/crtbegin.o
 *fill*         0x00000000004027ca        0x2 
 .text          0x00000000004027cc      0x18a kio.o
                0x00000000004027cc                usage
                0x0000000000402869                getbytearg
                0x000000000040289c                getshortarg
                0x00000000004028d0                get24arg
                0x0000000000402907                getintarg
                0x0000000000402916                getportarg
 *fill*         0x0000000000402956        0x2 
 .text          0x0000000000402958      0x3de dotconf.o
                0x0000000000402958                getdotfile
                0x0000000000402ae9                getconf
 *fill*         0x0000000000402d36        0x2 
 .text          0x0000000000402d38     0x1556 io.o
                0x0000000000402d38                io_signal
                0x0000000000402d43                io_signal_on
                0x0000000000402d5c                io_signal_off
                0x0000000000402d68                io_config
                0x0000000000402d85                io_release
                0x0000000000402d86                io_exit
                0x0000000000402dab                io_close
                0x0000000000402df2                io_open
                0x0000000000402e74                io_error
                0x0000000000402e91                io_fault
                0x0000000000402ea9                io_usleep
                0x0000000000402f15                io_set_pgm
                0x0000000000402f6b                io_set_vpp
                0x0000000000402fb4                io_set_pgd
                0x0000000000402ffd                io_set_pgc
                0x000000000040307f                io_get_pgd
                0x00000000004030d0                io_configure
                0x00000000004030d8                io_data_input
                0x00000000004030ea                io_clock_in_bits
                0x0000000000403167                io_clock_out_bits
                0x00000000004031ba                io_program_feedback
                0x000000000040322a                io_program_out
                0x000000000040328c                io_program_in
                0x00000000004032fb                io_test0
                0x00000000004034de                io_test1
                0x000000000040370d                io_test2
                0x0000000000403933                io_test3
                0x00000000004039ac                io_test4
                0x0000000000403b4c                io_test_out
                0x0000000000403c30                io_test_in
                0x0000000000403dbf                io_test_command
                0x0000000000404005                io_test_err
                0x0000000000404074                io_test_switch
                0x0000000000404105                io_test_lasterror
                0x0000000000404185                io_test5
 *fill*         0x000000000040428e        0x2 
 .text          0x0000000000404290       0xd7 util.o
                0x0000000000404290                areyousure
                0x00000000004042bf                mystrcasestr
 *fill*         0x0000000000404367        0x1 
 .text          0x0000000000404368      0x1e2 serial_posix.o
                0x0000000000404368                serial_open
                0x0000000000404408                serial_close
                0x0000000000404420                get_cts
                0x000000000040444a                reset_gpios
                0x0000000000404472                set_dtr
                0x00000000004044a8                set_rts
                0x00000000004044de                set_tx
                0x0000000000404514                set_gpio0
 *fill*         0x000000000040454a        0x6 
 .text          0x0000000000404550       0x92 /usr/lib/x86_64-linux-gnu/libc_nonshared.a(elf-init.oS)
                0x0000000000404550                __libc_csu_init
                0x00000000004045e0                __libc_csu_fini
 *fill*         0x00000000004045e2        0x2 
 .text          0x00000000004045e4        0x0 /usr/lib/gcc/x86_64-linux-gnu/4.7/crtend.o
 .text          0x00000000004045e4        0x0 /usr/lib/gcc/x86_64-linux-gnu/4.7/../../../x86_64-linux-gnu/crtn.o
 *(.gnu.warning)

.fini           0x00000000004045e4        0x9
 *(SORT(.fini))
 .fini          0x00000000004045e4        0x4 /usr/lib/gcc/x86_64-linux-gnu/4.7/../../../x86_64-linux-gnu/crti.o
                0x00000000004045e4                _fini
 .fini          0x00000000004045e8        0x5 /usr/lib/gcc/x86_64-linux-gnu/4.7/../../../x86_64-linux-gnu/crtn.o
                0x00000000004045ed                PROVIDE (__etext, .)
                0x00000000004045ed                PROVIDE (_etext, .)
                0x00000000004045ed                PROVIDE (etext, .)

.rodata         0x00000000004045f0     0x121a
 *(.rodata .rodata.* .gnu.linkonce.r.*)
 .rodata.cst4   0x00000000004045f0        0x4 /usr/lib/gcc/x86_64-linux-gnu/4.7/../../../x86_64-linux-gnu/crt1.o
                0x00000000004045f0                _IO_stdin_used
 .rodata.str1.1
                0x00000000004045f4      0x86f kio.o
                                        0x87e (size before relaxing)
 *fill*         0x0000000000404e63        0x5 
 .rodata        0x0000000000404e68        0xe kio.o
                0x0000000000404e68                VERSION
 .rodata.str1.1
                0x0000000000404e76       0xa5 dotconf.o
                                         0xb5 (size before relaxing)
 *fill*         0x0000000000404f1b        0x5 
 .rodata        0x0000000000404f20        0xb dotconf.o
 .rodata.str1.1
                0x0000000000404f2b      0x790 io.o
                                        0x7b3 (size before relaxing)
 *fill*         0x00000000004056bb        0x5 
 .rodata        0x00000000004056c0      0x131 io.o
 .rodata.str1.1
                0x00000000004057f1       0x19 util.o

.rodata1
 *(.rodata1)

.eh_frame_hdr   0x000000000040580c      0x1dc
 *(.eh_frame_hdr)
 .eh_frame_hdr  0x000000000040580c      0x1dc kio.o

.eh_frame       0x00000000004059e8      0x8f4
 *(.eh_frame)
 .eh_frame      0x00000000004059e8       0x40 /usr/lib/gcc/x86_64-linux-gnu/4.7/../../../x86_64-linux-gnu/crt1.o
 .eh_frame      0x0000000000405a28      0x118 kio.o
                                        0x130 (size before relaxing)
 .eh_frame      0x0000000000405b40       0x68 dotconf.o
                                         0x78 (size before relaxing)
 .eh_frame      0x0000000000405ba8      0x5c8 io.o
                                        0x588 (size before relaxing)
 .eh_frame      0x0000000000406170       0x60 util.o
                                         0x78 (size before relaxing)
 .eh_frame      0x00000000004061d0       0xc8 serial_posix.o
                                         0xe0 (size before relaxing)
 .eh_frame      0x0000000000406298       0x40 /usr/lib/x86_64-linux-gnu/libc_nonshared.a(elf-init.oS)
                                         0x58 (size before relaxing)
 .eh_frame      0x00000000004062d8        0x4 /usr/lib/gcc/x86_64-linux-gnu/4.7/crtend.o

.gcc_except_table
 *(.gcc_except_table .gcc_except_table.*)

.exception_ranges
 *(.exception_ranges .exception_ranges*)
                0x00000000004062dc                . = (ALIGN (0x200000) - ((0x200000 - .) & 0x1fffff))
                0x0000000000606e0c                . = DATA_SEGMENT_ALIGN (0x200000, 0x1000)

.eh_frame
 *(.eh_frame)

.gcc_except_table
 *(.gcc_except_table .gcc_except_table.*)

.exception_ranges
 *(.exception_ranges .exception_ranges*)

.tdata
 *(.tdata .tdata.* .gnu.linkonce.td.*)

.tbss
 *(.tbss .tbss.* .gnu.linkonce.tb.*)
 *(.tcommon)

.preinit_array  0x0000000000606e0c        0x0
                0x0000000000606e0c                PROVIDE (__preinit_array_start, .)
 *(.preinit_array)
                0x0000000000606e0c                PROVIDE (__preinit_array_end, .)

.init_array     0x0000000000606e10        0x8
                0x0000000000606e10                PROVIDE (__init_array_start, .)
 *(SORT(.init_array.*) SORT(.ctors.*))
 *(.init_array)
 .init_array    0x0000000000606e10        0x8 /usr/lib/gcc/x86_64-linux-gnu/4.7/crtbegin.o
 *(EXCLUDE_FILE(*crtend?.o *crtend.o *crtbegin?.o *crtbegin.o) .ctors)
                0x0000000000606e18                PROVIDE (__init_array_end, .)

.fini_array     0x0000000000606e18        0x8
                0x0000000000606e18                PROVIDE (__fini_array_start, .)
 *(SORT(.fini_array.*) SORT(.dtors.*))
 *(.fini_array)
 .fini_array    0x0000000000606e18        0x8 /usr/lib/gcc/x86_64-linux-gnu/4.7/crtbegin.o
 *(EXCLUDE_FILE(*crtend?.o *crtend.o *crtbegin?.o *crtbegin.o) .dtors)
                0x0000000000606e20                PROVIDE (__fini_array_end, .)

.ctors
 *crtbegin.o(.ctors)
 *crtbegin?.o(.ctors)
 *(EXCLUDE_FILE(*crtend?.o *crtend.o) .ctors)
 *(SORT(.ctors.*))
 *(.ctors)

.dtors
 *crtbegin.o(.dtors)
 *crtbegin?.o(.dtors)
 *(EXCLUDE_FILE(*crtend?.o *crtend.o) .dtors)
 *(SORT(.dtors.*))
 *(.dtors)

.jcr            0x0000000000606e20        0x8
 *(.jcr)
 .jcr           0x0000000000606e20        0x0 /usr/lib/gcc/x86_64-linux-gnu/4.7/crtbegin.o
 .jcr           0x0000000000606e20        0x8 /usr/lib/gcc/x86_64-linux-gnu/4.7/crtend.o

.data.rel.ro
 *(.data.rel.ro.local* .gnu.linkonce.d.rel.ro.local.*)
 *(.data.rel.ro .data.rel.ro.* .gnu.linkonce.d.rel.ro.*)

.dynamic        0x0000000000606e28      0x1d0
 *(.dynamic)
 .dynamic       0x0000000000606e28      0x1d0 /usr/lib/gcc/x86_64-linux-gnu/4.7/../../../x86_64-linux-gnu/crt1.o
                0x0000000000606e28                _DYNAMIC

.got            0x0000000000606ff8        0x8
 *(.got)
 .got           0x0000000000606ff8        0x8 /usr/lib/gcc/x86_64-linux-gnu/4.7/../../../x86_64-linux-gnu/crt1.o
 *(.igot)
                0x0000000000607fe8                . = DATA_SEGMENT_RELRO_END (., (SIZEOF (.got.plt) >= 0x18)?0x18:0x0)

.got.plt        0x0000000000607000      0x140
 *(.got.plt)
 .got.plt       0x0000000000607000      0x140 /usr/lib/gcc/x86_64-linux-gnu/4.7/../../../x86_64-linux-gnu/crt1.o
                0x0000000000607000                _GLOBAL_OFFSET_TABLE_
 *(.igot.plt)
 .igot.plt      0x0000000000000000        0x0 /usr/lib/gcc/x86_64-linux-gnu/4.7/../../../x86_64-linux-gnu/crt1.o

.data           0x0000000000607140       0x18
 *(.data .data.* .gnu.linkonce.d.*)
 .data          0x0000000000607140        0x4 /usr/lib/gcc/x86_64-linux-gnu/4.7/../../../x86_64-linux-gnu/crt1.o
                0x0000000000607140                data_start
                0x0000000000607140                __data_start
 .data          0x0000000000607144        0x0 /usr/lib/gcc/x86_64-linux-gnu/4.7/../../../x86_64-linux-gnu/crti.o
 *fill*         0x0000000000607144        0x4 
 .data          0x0000000000607148        0x8 /usr/lib/gcc/x86_64-linux-gnu/4.7/crtbegin.o
                0x0000000000607148                __dso_handle
 .data          0x0000000000607150        0x0 kio.o
 .data          0x0000000000607150        0x0 dotconf.o
 .data          0x0000000000607150        0x4 io.o
 .data          0x0000000000607154        0x0 util.o
 .data          0x0000000000607154        0x4 serial_posix.o
 .data          0x0000000000607158        0x0 /usr/lib/x86_64-linux-gnu/libc_nonshared.a(elf-init.oS)
 .data          0x0000000000607158        0x0 /usr/lib/gcc/x86_64-linux-gnu/4.7/crtend.o
 .data          0x0000000000607158        0x0 /usr/lib/gcc/x86_64-linux-gnu/4.7/../../../x86_64-linux-gnu/crtn.o

.tm_clone_table
                0x0000000000607158        0x0
 .tm_clone_table
                0x0000000000607158        0x0 /usr/lib/gcc/x86_64-linux-gnu/4.7/crtbegin.o
 .tm_clone_table
                0x0000000000607158        0x0 /usr/lib/gcc/x86_64-linux-gnu/4.7/crtend.o

.data1
 *(.data1)
                0x0000000000607158                _edata = .
                0x0000000000607158                PROVIDE (edata, .)
                0x0000000000607158                . = .
                0x0000000000607158                __bss_start = .

.bss            0x0000000000607160       0x58
 *(.dynbss)
 .dynbss        0x0000000000607160       0x18 /usr/lib/gcc/x86_64-linux-gnu/4.7/../../../x86_64-linux-gnu/crt1.o
                0x0000000000607160                stdout@@GLIBC_2.2.5
                0x0000000000607168                stdin@@GLIBC_2.2.5
                0x0000000000607170                stderr@@GLIBC_2.2.5
 *(.bss .bss.* .gnu.linkonce.b.*)
 .bss           0x0000000000607178        0x0 /usr/lib/gcc/x86_64-linux-gnu/4.7/../../../x86_64-linux-gnu/crt1.o
 .bss           0x0000000000607178        0x0 /usr/lib/gcc/x86_64-linux-gnu/4.7/../../../x86_64-linux-gnu/crti.o
 .bss           0x0000000000607178        0x1 /usr/lib/gcc/x86_64-linux-gnu/4.7/crtbegin.o
 *fill*         0x0000000000607179        0x3 
 .bss           0x000000000060717c        0x0 kio.o
 .bss           0x000000000060717c        0x0 dotconf.o
 *fill*         0x000000000060717c        0x4 
 .bss           0x0000000000607180       0x34 io.o
                0x0000000000607180                io_stop
 .bss           0x00000000006071b4        0x0 util.o
 .bss           0x00000000006071b4        0x0 serial_posix.o
 .bss           0x00000000006071b4        0x0 /usr/lib/x86_64-linux-gnu/libc_nonshared.a(elf-init.oS)
 .bss           0x00000000006071b4        0x0 /usr/lib/gcc/x86_64-linux-gnu/4.7/crtend.o
 .bss           0x00000000006071b4        0x0 /usr/lib/gcc/x86_64-linux-gnu/4.7/../../../x86_64-linux-gnu/crtn.o
 *(COMMON)
                0x00000000006071b8                . = ALIGN ((. != 0x0)?0x8:0x1)
 *fill*         0x00000000006071b4        0x4 

.lbss
 *(.dynlbss)
 *(.lbss .lbss.* .gnu.linkonce.lb.*)
 *(LARGE_COMMON)
                0x00000000006071b8                . = ALIGN (0x8)

.lrodata
 *(.lrodata .lrodata.* .gnu.linkonce.lr.*)

.ldata          0x0000000000a071b8        0x0
 *(.ldata .ldata.* .gnu.linkonce.l.*)
                0x0000000000a071b8                . = ALIGN ((. != 0x0)?0x8:0x1)
                0x0000000000a071b8                . = ALIGN (0x8)
                0x0000000000a071b8                _end = .
                0x0000000000a071b8                PROVIDE (end, .)
                0x0000000000a071b8                . = DATA_SEGMENT_END (.)

.stab
 *(.stab)

.stabstr
 *(.stabstr)

.stab.excl
 *(.stab.excl)

.stab.exclstr
 *(.stab.exclstr)

.stab.index
 *(.stab.index)

.stab.indexstr
 *(.stab.indexstr)

.comment        0x0000000000000000       0x6b
 *(.comment)
 .comment       0x0000000000000000       0x2a /usr/lib/gcc/x86_64-linux-gnu/4.7/crtbegin.o
                                         0x2b (size before relaxing)
 .comment       0x0000000000000000       0x2b kio.o
 .comment       0x0000000000000000       0x2b dotconf.o
 .comment       0x0000000000000000       0x2b io.o
 .comment       0x0000000000000000       0x2b util.o
 .comment       0x0000000000000000       0x2b serial_posix.o
 .comment       0x000000000000002a       0x41 /usr/lib/x86_64-linux-gnu/libc_nonshared.a(elf-init.oS)
                                         0x42 (size before relaxing)
 .comment       0x0000000000000000       0x2b /usr/lib/gcc/x86_64-linux-gnu/4.7/crtend.o

.debug
 *(.debug)

.line
 *(.line)

.debug_srcinfo
 *(.debug_srcinfo)

.debug_sfnames
 *(.debug_sfnames)

.debug_aranges
 *(.debug_aranges)

.debug_pubnames
 *(.debug_pubnames)

.debug_info
 *(.debug_info .gnu.linkonce.wi.*)

.debug_abbrev
 *(.debug_abbrev)

.debug_line
 *(.debug_line)

.debug_frame
 *(.debug_frame)

.debug_str
 *(.debug_str)

.debug_loc
 *(.debug_loc)

.debug_macinfo
 *(.debug_macinfo)

.debug_weaknames
 *(.debug_weaknames)

.debug_funcnames
 *(.debug_funcnames)

.debug_typenames
 *(.debug_typenames)

.debug_varnames
 *(.debug_varnames)

.debug_pubtypes
 *(.debug_pubtypes)

.debug_ranges
 *(.debug_ranges)

.debug_macro
 *(.debug_macro)

.gnu.attributes
 *(.gnu.attributes)

/DISCARD/
 *(.note.GNU-stack)
 *(.gnu_debuglink)
 *(.gnu.lto_*)
OUTPUT(kio elf64-x86-64)
